exports[`Card Tests should match the snapshot 1`] = `
ShallowWrapper {
  "length": 1,
  Symbol(enzyme.__root__): [Circular],
  Symbol(enzyme.__unrendered__): <Card
    data={
        Object {
            "2007": 0.88,
          }
    }
    district="place" />,
  Symbol(enzyme.__renderer__): Object {
    "batchedUpdates": [Function],
    "getNode": [Function],
    "render": [Function],
    "simulateEvent": [Function],
    "unmount": [Function],
  },
  Symbol(enzyme.__node__): Object {
    "instance": null,
    "key": undefined,
    "nodeType": "host",
    "props": Object {
      "children": Array [
        <span
          className="district-name">
          place
</span>,
        <ul
          className="district-data">
          <li
                    className="greaterThan">
                    2007
                    : 
                    0.88
          </li>
</ul>,
      ],
      "className": "card",
    },
    "ref": null,
    "rendered": Array [
      Object {
        "instance": null,
        "key": undefined,
        "nodeType": "host",
        "props": Object {
          "children": "place",
          "className": "district-name",
        },
        "ref": null,
        "rendered": "place",
        "type": "span",
      },
      Object {
        "instance": null,
        "key": undefined,
        "nodeType": "host",
        "props": Object {
          "children": Array [
            <li
              className="greaterThan">
              2007
              : 
              0.88
</li>,
          ],
          "className": "district-data",
        },
        "ref": null,
        "rendered": Array [
          Object {
            "instance": null,
            "key": "2007",
            "nodeType": "host",
            "props": Object {
              "children": Array [
                "2007",
                ": ",
                0.88,
              ],
              "className": "greaterThan",
            },
            "ref": null,
            "rendered": Array [
              "2007",
              ": ",
              0.88,
            ],
            "type": "li",
          },
        ],
        "type": "ul",
      },
    ],
    "type": "div",
  },
  Symbol(enzyme.__nodes__): Array [
    Object {
      "instance": null,
      "key": undefined,
      "nodeType": "host",
      "props": Object {
        "children": Array [
          <span
            className="district-name">
            place
</span>,
          <ul
            className="district-data">
            <li
                        className="greaterThan">
                        2007
                        : 
                        0.88
            </li>
</ul>,
        ],
        "className": "card",
      },
      "ref": null,
      "rendered": Array [
        Object {
          "instance": null,
          "key": undefined,
          "nodeType": "host",
          "props": Object {
            "children": "place",
            "className": "district-name",
          },
          "ref": null,
          "rendered": "place",
          "type": "span",
        },
        Object {
          "instance": null,
          "key": undefined,
          "nodeType": "host",
          "props": Object {
            "children": Array [
              <li
                className="greaterThan">
                2007
                : 
                0.88
</li>,
            ],
            "className": "district-data",
          },
          "ref": null,
          "rendered": Array [
            Object {
              "instance": null,
              "key": "2007",
              "nodeType": "host",
              "props": Object {
                "children": Array [
                  "2007",
                  ": ",
                  0.88,
                ],
                "className": "greaterThan",
              },
              "ref": null,
              "rendered": Array [
                "2007",
                ": ",
                0.88,
              ],
              "type": "li",
            },
          ],
          "type": "ul",
        },
      ],
      "type": "div",
    },
  ],
  Symbol(enzyme.__options__): Object {
    "adapter": ReactFifteenAdapter {
      "options": Object {
        "supportPrevContextArgumentOfComponentDidUpdate": true,
      },
    },
  },
}
`;
